// Jest Snapshot v1, https://goo.gl/fbAQLP

exports[`Button component it matches the snapshot 1`] = `
<button
  className="submit-button"
  name="submit"
  style={
    Object {
      "backgroundColor": "#205375",
      "borderRadius": "10px",
      "color": "#F2F2F2",
      "padding": "0.2rem 2rem",
    }
  }
  type="submit"
  value="Submit"
>
  Submit
</button>
`;
